Analysis & Synthesis report for DE1_SoC
Fri May 30 19:54:32 2025
Quartus Prime Version 17.0.0 Build 595 04/25/2017 SJ Lite Edition


---------------------
; Table of Contents ;
---------------------
  1. Legal Notice
  2. Analysis & Synthesis Summary
  3. Analysis & Synthesis Settings
  4. Parallel Compilation
  5. Analysis & Synthesis Messages
  6. Analysis & Synthesis Suppressed Messages



----------------
; Legal Notice ;
----------------
Copyright (C) 2017  Intel Corporation. All rights reserved.
Your use of Intel Corporation's design tools, logic functions 
and other software and tools, and its AMPP partner logic 
functions, and any output files from any of the foregoing 
(including device programming or simulation files), and any 
associated documentation or information are expressly subject 
to the terms and conditions of the Intel Program License 
Subscription Agreement, the Intel Quartus Prime License Agreement,
the Intel MegaCore Function License Agreement, or other 
applicable license agreement, including, without limitation, 
that your use is for the sole purpose of programming logic 
devices manufactured by Intel and sold by Intel or its 
authorized distributors.  Please refer to the applicable 
agreement for further details.



+---------------------------------------------------------------------------+
; Analysis & Synthesis Summary                                              ;
+-----------------------------+---------------------------------------------+
; Analysis & Synthesis Status ; Failed - Fri May 30 19:54:32 2025           ;
; Quartus Prime Version       ; 17.0.0 Build 595 04/25/2017 SJ Lite Edition ;
; Revision Name               ; DE1_SoC                                     ;
; Top-level Entity Name       ; CPU                                         ;
; Family                      ; Cyclone V                                   ;
; Logic utilization (in ALMs) ; N/A until Partition Merge                   ;
; Total registers             ; N/A until Partition Merge                   ;
; Total pins                  ; N/A until Partition Merge                   ;
; Total virtual pins          ; N/A until Partition Merge                   ;
; Total block memory bits     ; N/A until Partition Merge                   ;
; Total PLLs                  ; N/A until Partition Merge                   ;
; Total DLLs                  ; N/A until Partition Merge                   ;
+-----------------------------+---------------------------------------------+


+---------------------------------------------------------------------------------------------------------------------------+
; Analysis & Synthesis Settings                                                                                             ;
+---------------------------------------------------------------------------------+--------------------+--------------------+
; Option                                                                          ; Setting            ; Default Value      ;
+---------------------------------------------------------------------------------+--------------------+--------------------+
; Device                                                                          ; 5CGXFC7C7F23C8     ;                    ;
; Top-level entity name                                                           ; CPU                ; DE1_SoC            ;
; Family name                                                                     ; Cyclone V          ; Cyclone V          ;
; Use smart compilation                                                           ; Off                ; Off                ;
; Enable parallel Assembler and TimeQuest Timing Analyzer during compilation      ; On                 ; On                 ;
; Enable compact report table                                                     ; Off                ; Off                ;
; Restructure Multiplexers                                                        ; Auto               ; Auto               ;
; MLAB Add Timing Constraints For Mixed-Port Feed-Through Mode Setting Don't Care ; Off                ; Off                ;
; Create Debugging Nodes for IP Cores                                             ; Off                ; Off                ;
; Preserve fewer node names                                                       ; On                 ; On                 ;
; OpenCore Plus hardware evaluation                                               ; Enable             ; Enable             ;
; Verilog Version                                                                 ; Verilog_2001       ; Verilog_2001       ;
; VHDL Version                                                                    ; VHDL_1993          ; VHDL_1993          ;
; State Machine Processing                                                        ; Auto               ; Auto               ;
; Safe State Machine                                                              ; Off                ; Off                ;
; Extract Verilog State Machines                                                  ; On                 ; On                 ;
; Extract VHDL State Machines                                                     ; On                 ; On                 ;
; Ignore Verilog initial constructs                                               ; Off                ; Off                ;
; Iteration limit for constant Verilog loops                                      ; 5000               ; 5000               ;
; Iteration limit for non-constant Verilog loops                                  ; 250                ; 250                ;
; Add Pass-Through Logic to Inferred RAMs                                         ; On                 ; On                 ;
; Infer RAMs from Raw Logic                                                       ; On                 ; On                 ;
; Parallel Synthesis                                                              ; On                 ; On                 ;
; DSP Block Balancing                                                             ; Auto               ; Auto               ;
; NOT Gate Push-Back                                                              ; On                 ; On                 ;
; Power-Up Don't Care                                                             ; On                 ; On                 ;
; Remove Redundant Logic Cells                                                    ; Off                ; Off                ;
; Remove Duplicate Registers                                                      ; On                 ; On                 ;
; Ignore CARRY Buffers                                                            ; Off                ; Off                ;
; Ignore CASCADE Buffers                                                          ; Off                ; Off                ;
; Ignore GLOBAL Buffers                                                           ; Off                ; Off                ;
; Ignore ROW GLOBAL Buffers                                                       ; Off                ; Off                ;
; Ignore LCELL Buffers                                                            ; Off                ; Off                ;
; Ignore SOFT Buffers                                                             ; On                 ; On                 ;
; Limit AHDL Integers to 32 Bits                                                  ; Off                ; Off                ;
; Optimization Technique                                                          ; Balanced           ; Balanced           ;
; Carry Chain Length                                                              ; 70                 ; 70                 ;
; Auto Carry Chains                                                               ; On                 ; On                 ;
; Auto Open-Drain Pins                                                            ; On                 ; On                 ;
; Perform WYSIWYG Primitive Resynthesis                                           ; Off                ; Off                ;
; Auto ROM Replacement                                                            ; On                 ; On                 ;
; Auto RAM Replacement                                                            ; On                 ; On                 ;
; Auto DSP Block Replacement                                                      ; On                 ; On                 ;
; Auto Shift Register Replacement                                                 ; Auto               ; Auto               ;
; Allow Shift Register Merging across Hierarchies                                 ; Auto               ; Auto               ;
; Auto Clock Enable Replacement                                                   ; On                 ; On                 ;
; Strict RAM Replacement                                                          ; Off                ; Off                ;
; Allow Synchronous Control Signals                                               ; On                 ; On                 ;
; Force Use of Synchronous Clear Signals                                          ; Off                ; Off                ;
; Auto Resource Sharing                                                           ; Off                ; Off                ;
; Allow Any RAM Size For Recognition                                              ; Off                ; Off                ;
; Allow Any ROM Size For Recognition                                              ; Off                ; Off                ;
; Allow Any Shift Register Size For Recognition                                   ; Off                ; Off                ;
; Use LogicLock Constraints during Resource Balancing                             ; On                 ; On                 ;
; Ignore translate_off and synthesis_off directives                               ; Off                ; Off                ;
; Timing-Driven Synthesis                                                         ; On                 ; On                 ;
; Report Parameter Settings                                                       ; On                 ; On                 ;
; Report Source Assignments                                                       ; On                 ; On                 ;
; Report Connectivity Checks                                                      ; On                 ; On                 ;
; Ignore Maximum Fan-Out Assignments                                              ; Off                ; Off                ;
; Synchronization Register Chain Length                                           ; 3                  ; 3                  ;
; PowerPlay Power Optimization During Synthesis                                   ; Normal compilation ; Normal compilation ;
; HDL message level                                                               ; Level2             ; Level2             ;
; Suppress Register Optimization Related Messages                                 ; Off                ; Off                ;
; Number of Removed Registers Reported in Synthesis Report                        ; 5000               ; 5000               ;
; Number of Swept Nodes Reported in Synthesis Report                              ; 5000               ; 5000               ;
; Number of Inverted Registers Reported in Synthesis Report                       ; 100                ; 100                ;
; Clock MUX Protection                                                            ; On                 ; On                 ;
; Auto Gated Clock Conversion                                                     ; Off                ; Off                ;
; Block Design Naming                                                             ; Auto               ; Auto               ;
; SDC constraint protection                                                       ; Off                ; Off                ;
; Synthesis Effort                                                                ; Auto               ; Auto               ;
; Shift Register Replacement - Allow Asynchronous Clear Signal                    ; On                 ; On                 ;
; Pre-Mapping Resynthesis Optimization                                            ; Off                ; Off                ;
; Analysis & Synthesis Message Level                                              ; Medium             ; Medium             ;
; Disable Register Merging Across Hierarchies                                     ; Auto               ; Auto               ;
; Resource Aware Inference For Block RAM                                          ; On                 ; On                 ;
; Automatic Parallel Synthesis                                                    ; On                 ; On                 ;
; Partial Reconfiguration Bitstream ID                                            ; Off                ; Off                ;
+---------------------------------------------------------------------------------+--------------------+--------------------+


+------------------------------------------+
; Parallel Compilation                     ;
+----------------------------+-------------+
; Processors                 ; Number      ;
+----------------------------+-------------+
; Number detected on machine ; 12          ;
; Maximum allowed            ; 12          ;
;                            ;             ;
; Average used               ; 1.00        ;
; Maximum used               ; 1           ;
;                            ;             ;
; Usage by Processor         ; % Time Used ;
;     Processor 1            ; 100.0%      ;
+----------------------------+-------------+


+-------------------------------+
; Analysis & Synthesis Messages ;
+-------------------------------+
Info: *******************************************************************
Info: Running Quartus Prime Analysis & Synthesis
    Info: Version 17.0.0 Build 595 04/25/2017 SJ Lite Edition
    Info: Processing started: Fri May 30 19:54:26 2025
Info: Command: quartus_map --read_settings_files=on --write_settings_files=off DE1_SoC -c DE1_SoC
Warning (18236): Number of processors has not been specified which may cause overloading on shared machines.  Set the global assignment NUM_PARALLEL_PROCESSORS in your QSF to an appropriate value for best performance.
Info (20030): Parallel compilation is enabled and will use 12 of the 12 processors detected
Info (12021): Found 1 design units, including 1 entities, in source file mux_32to1_bus.sv
    Info (12023): Found entity 1: mux_32to1 File: A:/EE469Labs/Lab 4/mux_32to1_bus.sv Line: 1
Info (12021): Found 1 design units, including 1 entities, in source file mux_16to1_bus.sv
    Info (12023): Found entity 1: mux_16to1 File: A:/EE469Labs/Lab 4/mux_16to1_bus.sv Line: 1
Info (12021): Found 1 design units, including 1 entities, in source file mux_8to1_bus.sv
    Info (12023): Found entity 1: mux_8to1_old File: A:/EE469Labs/Lab 4/mux_8to1_bus.sv Line: 1
Info (12021): Found 1 design units, including 1 entities, in source file mux_4to1_bus.sv
    Info (12023): Found entity 1: mux_4to1_old File: A:/EE469Labs/Lab 4/mux_4to1_bus.sv Line: 1
Info (12021): Found 1 design units, including 1 entities, in source file mux_2to1_bus.sv
    Info (12023): Found entity 1: mux_2to1_old File: A:/EE469Labs/Lab 4/mux_2to1_bus.sv Line: 2
Info (12021): Found 1 design units, including 1 entities, in source file zero_extender.sv
    Info (12023): Found entity 1: zero_extender File: A:/EE469Labs/Lab 4/zero_extender.sv Line: 2
Info (12021): Found 1 design units, including 1 entities, in source file sign_extender.sv
    Info (12023): Found entity 1: sign_extender File: A:/EE469Labs/Lab 4/sign_extender.sv Line: 2
Info (12021): Found 1 design units, including 1 entities, in source file register.sv
    Info (12023): Found entity 1: register File: A:/EE469Labs/Lab 4/register.sv Line: 1
Info (12021): Found 1 design units, including 1 entities, in source file regfile.sv
    Info (12023): Found entity 1: regfile File: A:/EE469Labs/Lab 4/regfile.sv Line: 2
Info (12021): Found 1 design units, including 1 entities, in source file pc_adder.sv
    Info (12023): Found entity 1: pc_adder File: A:/EE469Labs/Lab 4/pc_adder.sv Line: 2
Info (12021): Found 1 design units, including 1 entities, in source file pc.sv
    Info (12023): Found entity 1: pc File: A:/EE469Labs/Lab 4/pc.sv Line: 1
Info (12021): Found 1 design units, including 1 entities, in source file mux8to1_multibit.sv
    Info (12023): Found entity 1: mux8to1_multibit File: A:/EE469Labs/Lab 4/mux8to1_multibit.sv Line: 1
Info (12021): Found 1 design units, including 1 entities, in source file mux2to1_multibit.sv
    Info (12023): Found entity 1: mux2to1_multibit File: A:/EE469Labs/Lab 4/mux2to1_multibit.sv Line: 1
Info (12021): Found 1 design units, including 1 entities, in source file mux_8to1.sv
    Info (12023): Found entity 1: mux_8to1 File: A:/EE469Labs/Lab 4/mux_8to1.sv Line: 1
Info (12021): Found 1 design units, including 1 entities, in source file mux_4to1.sv
    Info (12023): Found entity 1: mux_4to1 File: A:/EE469Labs/Lab 4/mux_4to1.sv Line: 1
Info (12021): Found 1 design units, including 1 entities, in source file mux_2to1.sv
    Info (12023): Found entity 1: mux_2to1 File: A:/EE469Labs/Lab 4/mux_2to1.sv Line: 2
Info (12021): Found 4 design units, including 4 entities, in source file math.sv
    Info (12023): Found entity 1: mult File: A:/EE469Labs/Lab 4/math.sv Line: 6
    Info (12023): Found entity 2: shifter File: A:/EE469Labs/Lab 4/math.sv Line: 36
    Info (12023): Found entity 3: shifter_testbench File: A:/EE469Labs/Lab 4/math.sv Line: 51
    Info (12023): Found entity 4: mult_testbench File: A:/EE469Labs/Lab 4/math.sv Line: 71
Info (12021): Found 2 design units, including 2 entities, in source file main_control.sv
    Info (12023): Found entity 1: MAIN_control File: A:/EE469Labs/Lab 4/MAIN_control.sv Line: 1
    Info (12023): Found entity 2: MAIN_control_testbench File: A:/EE469Labs/Lab 4/MAIN_control.sv Line: 188
Info (12021): Found 1 design units, including 1 entities, in source file lsl_by2.sv
    Info (12023): Found entity 1: lsl File: A:/EE469Labs/Lab 4/lsl_by2.sv Line: 2
Info (12021): Found 2 design units, including 2 entities, in source file instructmem.sv
    Info (12023): Found entity 1: instructmem File: A:/EE469Labs/Lab 4/instructmem.sv Line: 22
    Info (12023): Found entity 2: instructmem_testbench File: A:/EE469Labs/Lab 4/instructmem.sv Line: 62
Info (12021): Found 1 design units, including 1 entities, in source file instruction_fetch.sv
    Info (12023): Found entity 1: Instruction_fetch File: A:/EE469Labs/Lab 4/Instruction_fetch.sv Line: 2
Info (12021): Found 1 design units, including 1 entities, in source file full_adder.sv
    Info (12023): Found entity 1: full_adder File: A:/EE469Labs/Lab 4/full_adder.sv Line: 2
Info (12021): Found 1 design units, including 1 entities, in source file decoder_5to32.sv
    Info (12023): Found entity 1: decoder_5to32 File: A:/EE469Labs/Lab 4/decoder_5to32.sv Line: 1
Info (12021): Found 1 design units, including 1 entities, in source file decoder_4to16.sv
    Info (12023): Found entity 1: decoder_4to16 File: A:/EE469Labs/Lab 4/decoder_4to16.sv Line: 1
Info (12021): Found 1 design units, including 1 entities, in source file decoder_2to4.sv
    Info (12023): Found entity 1: decoder_2to4 File: A:/EE469Labs/Lab 4/decoder_2to4.sv Line: 1
Info (12021): Found 1 design units, including 1 entities, in source file decoder_1to2.sv
    Info (12023): Found entity 1: decoder_1to2 File: A:/EE469Labs/Lab 4/decoder_1to2.sv Line: 2
Info (12021): Found 2 design units, including 2 entities, in source file de1_soc.sv
    Info (12023): Found entity 1: DE1_SoC File: A:/EE469Labs/Lab 4/DE1_SoC.sv Line: 8
    Info (12023): Found entity 2: DE1_SoC_testbench File: A:/EE469Labs/Lab 4/DE1_SoC.sv Line: 24
Info (12021): Found 2 design units, including 2 entities, in source file datamem.sv
    Info (12023): Found entity 1: datamem File: A:/EE469Labs/Lab 4/datamem.sv Line: 12
    Info (12023): Found entity 2: datamem_testbench File: A:/EE469Labs/Lab 4/datamem.sv Line: 70
Info (12021): Found 1 design units, including 1 entities, in source file d_ff.sv
    Info (12023): Found entity 1: D_FF File: A:/EE469Labs/Lab 4/D_FF.sv Line: 1
Info (12021): Found 2 design units, including 2 entities, in source file cpu.sv
    Info (12023): Found entity 1: CPU File: A:/EE469Labs/Lab 4/CPU.sv Line: 2
    Info (12023): Found entity 2: CPU_testbench File: A:/EE469Labs/Lab 4/CPU.sv Line: 165
Info (12021): Found 1 design units, including 1 entities, in source file condition_checker.sv
    Info (12023): Found entity 1: condition_checker File: A:/EE469Labs/Lab 4/condition_checker.sv Line: 3
Info (12021): Found 2 design units, including 2 entities, in source file check0_64bit.sv
    Info (12023): Found entity 1: check0_64bit File: A:/EE469Labs/Lab 4/check0_64bit.sv Line: 2
    Info (12023): Found entity 2: check0_64bit_testbench File: A:/EE469Labs/Lab 4/check0_64bit.sv Line: 54
Info (12021): Found 1 design units, including 1 entities, in source file bitwise_and_or_xor.sv
    Info (12023): Found entity 1: bitwise_AND_OR_XOR File: A:/EE469Labs/Lab 4/bitwise_AND_OR_XOR.sv Line: 2
Info (12021): Found 2 design units, including 2 entities, in source file alu.sv
    Info (12023): Found entity 1: alu File: A:/EE469Labs/Lab 4/alu.sv Line: 2
    Info (12023): Found entity 2: alu_testbench File: A:/EE469Labs/Lab 4/alu.sv Line: 40
Info (12021): Found 1 design units, including 1 entities, in source file add_sub64.sv
    Info (12023): Found entity 1: add_sub64 File: A:/EE469Labs/Lab 4/add_sub64.sv Line: 2
Info (12021): Found 1 design units, including 1 entities, in source file forwarding_unit.sv
    Info (12023): Found entity 1: forwarding_unit File: A:/EE469Labs/Lab 4/forwarding_unit.sv Line: 1
Info (12021): Found 1 design units, including 1 entities, in source file if_id_register.sv
    Info (12023): Found entity 1: IF_ID_register File: A:/EE469Labs/Lab 4/IF_ID_register.sv Line: 1
Error (10170): Verilog HDL syntax error at ID_EX_register.sv(4) near text: ";";  expecting ")". Check for and fix any syntax errors that appear immediately before or at the specified keyword. The Intel FPGA Knowledge Database contains many articles with specific details on how to resolve this error. Visit the Knowledge Database at https://www.altera.com/support/support-resources/knowledge-base/search.html and search for this specific error message number. File: A:/EE469Labs/Lab 4/ID_EX_register.sv Line: 4
Error (10112): Ignored design unit "ID_EX_register" at ID_EX_register.sv(1) due to previous errors File: A:/EE469Labs/Lab 4/ID_EX_register.sv Line: 1
Info (12021): Found 0 design units, including 0 entities, in source file id_ex_register.sv
Info (12021): Found 1 design units, including 1 entities, in source file mem_wb_register.sv
    Info (12023): Found entity 1: MEM_WB_register File: A:/EE469Labs/Lab 4/MEM_WB_register.sv Line: 1
Info (12021): Found 1 design units, including 1 entities, in source file ex_mem_register.sv
    Info (12023): Found entity 1: EX_MEM_register File: A:/EE469Labs/Lab 4/EX_MEM_register.sv Line: 1
Info (12021): Found 1 design units, including 1 entities, in source file mux4to1_multibit.sv
    Info (12023): Found entity 1: mux4to1_multibit File: A:/EE469Labs/Lab 4/mux4to1_multibit.sv Line: 1
Info (12021): Found 1 design units, including 1 entities, in source file comparator.sv
    Info (12023): Found entity 1: comparator File: A:/EE469Labs/Lab 4/comparator.sv Line: 2
Info (144001): Generated suppressed messages file A:/EE469Labs/Lab 4/DE1_SoC.map.smsg
Error: Quartus Prime Analysis & Synthesis was unsuccessful. 2 errors, 1 warning
    Error: Peak virtual memory: 4765 megabytes
    Error: Processing ended: Fri May 30 19:54:32 2025
    Error: Elapsed time: 00:00:06
    Error: Total CPU time (on all processors): 00:00:14


+------------------------------------------+
; Analysis & Synthesis Suppressed Messages ;
+------------------------------------------+
The suppressed messages can be found in A:/EE469Labs/Lab 4/DE1_SoC.map.smsg.


